Crashes the service 

2023-05-22 20:47:29.851  5856-6267  System.err              at.crowdware.shift                   W  [NsdManager] ERROR nl.tudelft.ipv8.android.peerdiscovery.NetworkServiceDiscovery - Resolve failed: 3
2023-05-22 20:47:29.852  5856-6267  chatty                  at.crowdware.shift                   I  uid=10297(at.crowdware.shift) NsdManager identical 1 line
2023-05-22 20:47:29.853  5856-6267  System.err              at.crowdware.shift                   W  [NsdManager] ERROR nl.tudelft.ipv8.android.peerdiscovery.NetworkServiceDiscovery - Resolve failed: 3
2023-05-22 20:47:29.853  5856-6267  System.err              at.crowdware.shift                   W  [NsdManager] ERROR nl.tudelft.ipv8.android.peerdiscovery.NetworkServiceDiscovery - Resolve failed: 3
2023-05-22 20:47:29.866  5856-6267  System.err              at.crowdware.shift                   W  [NsdManager] ERROR nl.tudelft.ipv8.android.peerdiscovery.NetworkServiceDiscovery - Resolve failed: 3
2023-05-22 20:47:29.867  5856-6267  System.err              at.crowdware.shift                   W  [NsdManager] ERROR nl.tudelft.ipv8.android.peerdiscovery.NetworkServiceDiscovery - Resolve failed: 3
2023-05-22 20:47:29.867  5856-6267  System.err              at.crowdware.shift                   W  [NsdManager] ERROR nl.tudelft.ipv8.android.peerdiscovery.NetworkServiceDiscovery - Resolve failed: 3
2023-05-22 20:47:29.867  5856-6267  System.err              at.crowdware.shift                   W  [NsdManager] ERROR nl.tudelft.ipv8.android.peerdiscovery.NetworkServiceDiscovery - Resolve failed: 3
2023-05-22 20:47:29.867  5856-6267  System.err              at.crowdware.shift                   W  [NsdManager] ERROR nl.tudelft.ipv8.android.peerdiscovery.NetworkServiceDiscovery - Resolve failed: 3
2023-05-22 20:47:29.868  5856-6267  System.err              at.crowdware.shift                   W  [NsdManager] ERROR nl.tudelft.ipv8.android.peerdiscovery.NetworkServiceDiscovery - Resolve failed: 3
2023-05-22 20:47:29.869  5856-6267  chatty                  at.crowdware.shift                   I  uid=10297(at.crowdware.shift) NsdManager identical 3 lines
2023-05-22 20:47:29.870  5856-6267  System.err              at.crowdware.shift                   W  [NsdManager] ERROR nl.tudelft.ipv8.android.peerdiscovery.NetworkServiceDiscovery - Resolve failed: 3
2023-05-22 20:47:29.870  5856-6267  System.err              at.crowdware.shift                   W  [NsdManager] INFO nl.tudelft.ipv8.android.peerdiscovery.NetworkServiceDiscovery - Service resolved: name: 7e313685c1912a141279f8248fc8db5899c5df5a_5457, type: ._ipv8._udp, host: /192.168.178.24, port: 8090, txtRecord: 
2023-05-22 20:47:29.871  5856-6267  System.err              at.crowdware.shift                   W  [NsdManager] ERROR nl.tudelft.ipv8.android.peerdiscovery.NetworkServiceDiscovery - Resolve failed: 3
2023-05-22 20:47:29.871  5856-6267  System.err              at.crowdware.shift                   W  [NsdManager] ERROR nl.tudelft.ipv8.android.peerdiscovery.NetworkServiceDiscovery - Resolve failed: 3
2023-05-22 20:47:29.872  5856-6267  System.err              at.crowdware.shift                   W  [NsdManager] ERROR nl.tudelft.ipv8.android.peerdiscovery.NetworkServiceDiscovery - Resolve failed: 3
2023-05-22 20:47:29.872  5856-6267  System.err              at.crowdware.shift                   W  [NsdManager] ERROR nl.tudelft.ipv8.android.peerdiscovery.NetworkServiceDiscovery - Resolve failed: 3
2023-05-22 20:47:29.887  5856-6267  System.err              at.crowdware.shift                   W  [NsdManager] INFO nl.tudelft.ipv8.android.peerdiscovery.NetworkServiceDiscovery - Service resolved: name: 7e313685c1912a141279f8248fc8db5899c5df5a_5457, type: ._ipv8._udp, host: /192.168.178.24, port: 8090, txtRecord: 
2023-05-22 20:47:30.853  5856-19345 System.out              at.crowdware.shift                   I  Scooping for 5.9666667 minutes
2023-05-22 20:47:30.870  5856-19345 System.out              at.crowdware.shift                   I  Block: {amount=1000, date=2023-05-22, type=1}  1 4c69624e61434c504b3ac80a5545c50a80e7805d430e0e26018d0dca7abea4a63ded2eb1a998b7abb24dc69be27c26e3a8c19bad99f34107b6efb3f1b0869fd78c97207af249f4a33a77, proposal , {amount=1000, date=2023-05-22, type=1}, Gen: true Self: true
2023-05-22 20:47:30.871  5856-19345 System.out              at.crowdware.shift                   I  Trans: 165 2023-05-22 1
2023-05-22 20:47:30.872  5856-19345 System.out              at.crowdware.shift                   I  Trans: 165 2023-05-22 2
2023-05-22 20:47:30.872  5856-19345 System.out              at.crowdware.shift                   I  Trans: 165 2023-05-22 3
2023-05-22 20:47:30.872  5856-19345 System.out              at.crowdware.shift                   I  Trans: 165 2023-05-22 4
2023-05-22 20:47:30.873  5856-19345 System.out              at.crowdware.shift                   I  Trans: 165 2023-05-22 5
2023-05-22 20:47:30.873  5856-19345 System.out              at.crowdware.shift                   I  Trans: 165 2023-05-22 6
2023-05-22 20:47:30.874  5856-19345 System.out              at.crowdware.shift                   I  Trans: 215 2023-05-22 7
2023-05-22 20:47:30.874  5856-19345 System.out              at.crowdware.shift                   I  Trans: 215 2023-05-22 8
2023-05-22 20:47:30.875  5856-19345 System.out              at.crowdware.shift                   I  Trans: 215 2023-05-22 9
2023-05-22 20:47:30.875  5856-19345 System.out              at.crowdware.shift                   I  Trans: 215 2023-05-22 10
2023-05-22 20:47:30.875  5856-19345 System.out              at.crowdware.shift                   I  Trans: 215 2023-05-22 11
2023-05-22 20:47:30.876  5856-19345 System.out              at.crowdware.shift                   I  Trans: 215 2023-05-22 12
2023-05-22 20:47:30.876  5856-19345 System.out              at.crowdware.shift                   I  Balance: 3280
2023-05-22 20:47:34.928  5856-5884  <no-tag>                at.crowdware.shift                   E  [ZeroHung]zrhung_get_config: Get config failed for wp[0x0008]
2023-05-22 20:47:35.248  5856-5884  crowdware.shif          at.crowdware.shift                   I  Background concurrent copying GC freed 286121(12MB) AllocSpace objects, 0(0B) LOS objects, 70% free, 5MB/17MB, paused 10.009ms total 314.263ms
2023-05-22 20:47:37.353  5856-5856  ActivityThread          at.crowdware.shift                   W  handleWindowVisibility: no activity for token android.os.BinderProxy@3bddef3
2023-05-22 20:47:37.389  5856-5856  ZrHung.AppEyeUiProbe    at.crowdware.shift                   D  notify runnable to start.
2023-05-22 20:47:37.390  5856-6060  ZrHung.AppEyeUiProbe    at.crowdware.shift                   D  restart watching
2023-05-22 20:47:37.390  5856-5856  ActivityThread          at.crowdware.shift                   V  Skipping new config:{1.0 262mcc3mnc [de_DE] ldltr sw360dp w360dp h711dp 320dpi nrml long port finger -keyb/v/h -nav/h winConfig={ mBounds=Rect(0, 0 - 720, 1422) mAppBounds=Rect(0, 54 - 720, 1476) mWindowingMode=fullscreen mActivityType=undefined} nonFullScreen=0 suim:1 s.32}, config:{1.0 262mcc3mnc [de_DE] ldltr sw360dp w360dp h711dp 320dpi nrml long port finger -keyb/v/h -nav/h winConfig={ mBounds=Rect(0, 0 - 720, 1422) mAppBounds=Rect(0, 54 - 720, 1476) mWindowingMode=fullscreen mActivityType=undefined} nonFullScreen=0 suim:1 s.32} for app:at.crowdware.shift
2023-05-22 20:47:37.504  5856-5856  ActivityThread          at.crowdware.shift                   V  callActivityOnCreate
2023-05-22 20:47:37.530  5856-5856  HwPhoneWindow           at.crowdware.shift                   I  updateLayoutParamsColor false mSpecialSet=false, mForcedNavigationBarColor=false, navigationBarColor=0, mNavBarShow=false, mIsFloating=false
2023-05-22 20:47:37.531  5856-5856  HwPhoneWindow           at.crowdware.shift                   I  updateLayoutParamsColor true mSpecialSet=true, mForcedNavigationBarColor=false, navigationBarColor=fffcfcfc, mNavBarShow=false, mIsFloating=false
2023-05-22 20:47:37.582  5856-5856  ActivityThread          at.crowdware.shift                   D  add activity client record, r= ActivityRecord{bf67b99 token=android.os.BinderProxy@3bddef3 {at.crowdware.shift/at.crowdware.shift.MainActivity}} token= android.os.BinderProxy@3bddef3
2023-05-22 20:47:37.606  5856-5856  ZrHung.AppEyeUiProbe    at.crowdware.shift                   D  notify runnable to start.
2023-05-22 20:47:37.618  5856-6113  OpenGLRenderer          at.crowdware.shift                   D    HWUI Binary is  enabled
2023-05-22 20:47:37.646  1903-9395  DollieAdapterService    com.huawei.systemserver              E  notifyActivityState pkg:at.crowdware.shift/at.crowdware.shift.MainActivity state:2 fg:true mUid:10297
2023-05-22 20:47:37.655  5856-20969 HiTouch_HiTouchSensor   at.crowdware.shift                   W  depended package hiTouch does n't exist!
2023-05-22 20:47:37.655  5856-20969 HiTouch_HiTouchSensor   at.crowdware.shift                   I  HiTouch restricted: system app HiTouch don't exist.
2023-05-22 20:47:37.655  5856-20969 HiTouch_Pr...reDetector at.crowdware.shift                   D  onAttached, package=at.crowdware.shift, windowType=1, mHiTouchRestricted=true
2023-05-22 20:47:37.760  5856-5856  System.err              at.crowdware.shift                   W  [main] INFO nl.tudelft.ipv8.messaging.udp.UdpEndpoint - Opened UDP socket on port 8095
2023-05-22 20:47:37.762  5856-5856  HwCustConn...anagerImpl at.crowdware.shift                   D  isBlockNetworkRequestByNonAis, INVALID_SUBSCRIPTION_ID
2023-05-22 20:47:37.763  5856-5856  ConnectivityManager     at.crowdware.shift                   D  requestNetwork and the calling app is: at.crowdware.shift
2023-05-22 20:47:37.769  5856-5856  System.err              at.crowdware.shift                   W  [main] INFO nl.tudelft.ipv8.Community - Loading DiscoveryCommunity for peer 6d68a03406259204cc8ee8a2d6335669f75b2ff5
2023-05-22 20:47:37.772  5856-6321  System.err              at.crowdware.shift                   W  [ConnectivityThread] INFO nl.tudelft.ipv8.messaging.Endpoint - Estimated LAN address: 192.168.178.24:8095
2023-05-22 20:47:37.772  5856-6321  System.err              at.crowdware.shift                   W  [ConnectivityThread] INFO nl.tudelft.ipv8.messaging.Endpoint - Estimated LAN address: 192.168.178.24:8095
2023-05-22 20:47:37.772  5856-5856  System.err              at.crowdware.shift                   W  [main] INFO nl.tudelft.ipv8.Community - Loading TrustChainCommunity for peer 6d68a03406259204cc8ee8a2d6335669f75b2ff5
2023-05-22 20:47:37.774  5856-5856  System.err              at.crowdware.shift                   W  [main] INFO nl.tudelft.ipv8.Community - Loading ShiftCommunity for peer 6d68a03406259204cc8ee8a2d6335669f75b2ff5
2023-05-22 20:47:37.821  5856-5856  HwPhoneWindow           at.crowdware.shift                   I  updateLayoutParamsColor true mSpecialSet=true, mForcedNavigationBarColor=false, navigationBarColor=fffcfcfc, mNavBarShow=false, mIsFloating=false
2023-05-22 20:47:37.822  5856-6267  System.err              at.crowdware.shift                   W  [NsdManager] ERROR nl.tudelft.ipv8.android.peerdiscovery.NetworkServiceDiscovery - Resolve failed: 3
2023-05-22 20:47:37.824  5856-6267  chatty                  at.crowdware.shift                   I  uid=10297(at.crowdware.shift) NsdManager identical 2 lines
2023-05-22 20:47:37.824  5856-6267  System.err              at.crowdware.shift                   W  [NsdManager] ERROR nl.tudelft.ipv8.android.peerdiscovery.NetworkServiceDiscovery - Resolve failed: 3
2023-05-22 20:47:37.827  5856-6267  System.err              at.crowdware.shift                   W  [NsdManager] INFO nl.tudelft.ipv8.android.peerdiscovery.NetworkServiceDiscovery - Service resolved: name: 7e313685c1912a141279f8248fc8db5899c5df5a_5457, type: ._ipv8._udp, host: /192.168.178.24, port: 8090, txtRecord: 
2023-05-22 20:47:37.828  5856-5856  HwPhoneWindow           at.crowdware.shift                   I  updateLayoutParamsColor true mSpecialSet=true, mForcedNavigationBarColor=false, navigationBarColor=fffcfcfc, mNavBarShow=true, mIsFloating=false
2023-05-22 20:47:37.870  5856-5856  crowdware.shif          at.crowdware.shift                   W  Accessing hidden method Landroid/view/RenderNode;->getScaleX()F (dark greylist, linking)
2023-05-22 20:47:37.881  5856-5856  View                    at.crowdware.shift                   W  requestLayout() improperly called by androidx.compose.ui.platform.ViewLayerContainer{55b7ad0 V.E...... ......ID 0,0-0,0} during layout: running second layout pass
2023-05-22 20:47:37.885  5856-6113  OpenGLRenderer          at.crowdware.shift                   D    HWUI Binary is  enabled
2023-05-22 20:47:37.898  5856-5856  System.err              at.crowdware.shift                   W  [main] INFO nl.tudelft.ipv8.messaging.udp.UdpEndpoint - Opened UDP socket on port 8096
2023-05-22 20:47:37.900  5856-5856  HwCustConn...anagerImpl at.crowdware.shift                   D  isBlockNetworkRequestByNonAis, INVALID_SUBSCRIPTION_ID
2023-05-22 20:47:37.900  5856-5856  ConnectivityManager     at.crowdware.shift                   D  requestNetwork and the calling app is: at.crowdware.shift
2023-05-22 20:47:37.904  5856-5856  System.err              at.crowdware.shift                   W  [main] INFO nl.tudelft.ipv8.Community - Loading DiscoveryCommunity for peer 6d68a03406259204cc8ee8a2d6335669f75b2ff5
2023-05-22 20:47:37.906  5856-5856  System.err              at.crowdware.shift                   W  [main] INFO nl.tudelft.ipv8.Community - Loading TrustChainCommunity for peer 6d68a03406259204cc8ee8a2d6335669f75b2ff5
2023-05-22 20:47:37.907  5856-6267  System.err              at.crowdware.shift                   W  [NsdManager] ERROR nl.tudelft.ipv8.android.peerdiscovery.NetworkServiceDiscovery - Service registration failed: 4
2023-05-22 20:47:37.907  5856-6267  System.err              at.crowdware.shift                   W  [NsdManager] ERROR nl.tudelft.ipv8.android.peerdiscovery.NetworkServiceDiscovery - Discovery failed: 4
2023-05-22 20:47:37.907  5856-6267  crowdware.shif          at.crowdware.shift                   W  Accessing hidden method Lcom/msic/qarth/PatchStore;->createDisableExceptionQarthFile(Ljava/lang/Throwable;)Z (blacklist, JNI)
2023-05-22 20:47:37.907  5856-6267  crowdware.shif          at.crowdware.shift                   E  [qarth_debug:]  get PatchStore::createDisableExceptionQarthFile method fail.
2023-05-22 20:47:37.907  5856-5856  System.err              at.crowdware.shift                   W  [main] INFO nl.tudelft.ipv8.Community - Loading ShiftCommunity for peer 6d68a03406259204cc8ee8a2d6335669f75b2ff5
2023-05-22 20:47:37.908  5856-6321  System.err              at.crowdware.shift                   W  [ConnectivityThread] INFO nl.tudelft.ipv8.messaging.Endpoint - Estimated LAN address: 192.168.178.24:8096
2023-05-22 20:47:37.908  5856-6321  System.err              at.crowdware.shift                   W  [ConnectivityThread] INFO nl.tudelft.ipv8.messaging.Endpoint - Estimated LAN address: 192.168.178.24:8096
--------- beginning of crash
2023-05-22 20:47:37.916  5856-6267  AndroidRuntime          at.crowdware.shift                   E  FATAL EXCEPTION: NsdManager
                                                                                                    Process: at.crowdware.shift, PID: 5856
                                                                                                    java.lang.IllegalArgumentException: listener not registered
                                                                                                    	at com.android.internal.util.Preconditions.checkArgument(Preconditions.java:47)
                                                                                                    	at android.net.nsd.NsdManager.getListenerKey(NsdManager.java:467)
                                                                                                    	at android.net.nsd.NsdManager.stopServiceDiscovery(NsdManager.java:601)
                                                                                                    	at nl.tudelft.ipv8.android.peerdiscovery.NetworkServiceDiscovery$discoveryListener$1.onStartDiscoveryFailed(NetworkServiceDiscovery.kt:90)
                                                                                                    	at android.net.nsd.NsdManager$ServiceHandler.handleMessage(NsdManager.java:383)
                                                                                                    	at android.os.Handler.dispatchMessage(Handler.java:112)
                                                                                                    	at android.os.Looper.loop(Looper.java:216)
                                                                                                    	at android.os.HandlerThread.run(HandlerThread.java:65)




java.lang.IllegalStateException: IPv8 is not initialized
                                                                                                    	at nl.tudelft.ipv8.android.IPv8Android.getInstance(IPv8Android.kt:34)
                                                                                                    	at at.crowdware.shift.logic.Backend$Companion.dumpBlocks(Backend.kt:323)